  convolNet.c
  graph.c
  main.c
  neuralNet.c
C:\Users\Adrie\Desktop\source\Csource\NeuralNetwork\VonKoch\convolNet.c(11,61): warning C4033: 'applyFilter' doit retourner une valeur
C:\Users\Adrie\Desktop\source\Csource\NeuralNetwork\VonKoch\convolNet.c(69,11): warning C4305: '=' : troncation de '__int64' à 'float'
C:\Users\Adrie\Desktop\source\Csource\NeuralNetwork\VonKoch\convolNet.c(209,12): warning C4305: 'initialisation' : troncation de 'double' à 'float'
C:\Users\Adrie\Desktop\source\Csource\NeuralNetwork\VonKoch\convolNet.c(281,14): warning C4101: 'Dres' : variable locale non référencée
C:\Users\Adrie\Desktop\source\Csource\NeuralNetwork\VonKoch\convolNet.c(281,22): warning C4101: 'Dtmp' : variable locale non référencée
C:\Users\Adrie\Desktop\source\Csource\NeuralNetwork\VonKoch\convolNet.c(281,30): warning C4101: 'Dtmp2' : variable locale non référencée
  utils_SDL.c
C:\Users\Adrie\Desktop\source\Csource\NeuralNetwork\VonKoch\convolNet.c(434,62): warning C4013: 'rand' non défini(e) ; extern retournant int pris par défaut
C:\Users\Adrie\Desktop\source\Csource\NeuralNetwork\VonKoch\convolNet.c(632,40): warning C4244: '=' : conversion de 'int' en 'float', perte possible de données
C:\Users\Adrie\Desktop\source\Csource\NeuralNetwork\VonKoch\convolNet.c(671,10): warning C4133: '=' : types incompatibles - de 'SDL_Window *' à 'SDL_Surface *'
C:\Users\Adrie\Desktop\source\Csource\NeuralNetwork\VonKoch\convolNet.c(673,33): warning C4133: 'fonction' : types incompatibles - de 'SDL_Surface *' à 'SDL_Window *'
C:\Users\Adrie\Desktop\source\Csource\NeuralNetwork\VonKoch\convolNet.c(646,15): warning C4101: 'texture' : variable locale non référencée
C:\Users\Adrie\Desktop\source\Csource\NeuralNetwork\VonKoch\graph.c(28,56): warning C4244: 'initialisation' : conversion de 'double' en 'int', perte possible de données
C:\Users\Adrie\Desktop\source\Csource\NeuralNetwork\VonKoch\graph.c(29,22): warning C4244: 'initialisation' : conversion de 'double' en 'int', perte possible de données
C:\Users\Adrie\Desktop\source\Csource\NeuralNetwork\VonKoch\graph.c(57,48): warning C4244: '=' : conversion de 'float' en 'int', perte possible de données
C:\Users\Adrie\Desktop\source\Csource\NeuralNetwork\VonKoch\graph.c(93,11): warning C4244: '=' : conversion de 'double' en 'int', perte possible de données
C:\Users\Adrie\Desktop\source\Csource\NeuralNetwork\VonKoch\graph.c(94,43): warning C4244: '=' : conversion de 'double' en 'int', perte possible de données
C:\Users\Adrie\Desktop\source\Csource\NeuralNetwork\VonKoch\graph.c(95,33): warning C4244: '=' : conversion de 'double' en 'int', perte possible de données
C:\Users\Adrie\Desktop\source\Csource\NeuralNetwork\VonKoch\graph.c(83,38): warning C4244: 'initialisation' : conversion de 'double' en 'int', perte possible de données
C:\Users\Adrie\Desktop\source\Csource\NeuralNetwork\VonKoch\graph.c(83,75): warning C4244: 'initialisation' : conversion de 'double' en 'int', perte possible de données
C:\Users\Adrie\Desktop\source\Csource\NeuralNetwork\VonKoch\graph.c(86,14): warning C4244: 'initialisation' : conversion de 'float' en 'Uint8', perte possible de données
C:\Users\Adrie\Desktop\source\Csource\NeuralNetwork\VonKoch\graph.c(113,35): warning C4244: 'fonction' : conversion de 'int' en 'float', perte possible de données
C:\Users\Adrie\Desktop\source\Csource\NeuralNetwork\VonKoch\graph.c(113,45): warning C4244: 'fonction' : conversion de 'int' en 'float', perte possible de données
C:\Users\Adrie\Desktop\source\Csource\NeuralNetwork\VonKoch\graph.c(115,19): warning C4244: 'fonction' : conversion de 'double' en 'float', perte possible de données
C:\Users\Adrie\Desktop\source\Csource\NeuralNetwork\VonKoch\graph.c(120,28): warning C4244: 'initialisation' : conversion de 'int' en 'float', perte possible de données
C:\Users\Adrie\Desktop\source\Csource\NeuralNetwork\VonKoch\graph.c(120,39): warning C4244: 'initialisation' : conversion de 'int' en 'float', perte possible de données
C:\Users\Adrie\Desktop\source\Csource\NeuralNetwork\VonKoch\graph.c(139,22): warning C4244: 'fonction' : conversion de 'double' en 'float', perte possible de données
C:\Users\Adrie\Desktop\source\Csource\NeuralNetwork\VonKoch\neuralNet.h(6,9): warning C4005: 'max' : redéfinition de macro
  (compiler le fichier source 'main.c')
      C:\Program Files (x86)\Windows Kits\10\Include\10.0.26100.0\ucrt\stdlib.h(1282,17):
      voir la définition précédente de « max »
  
C:\Users\Adrie\Desktop\source\Csource\NeuralNetwork\VonKoch\neuralNet.h(7,9): warning C4005: 'min' : redéfinition de macro
  (compiler le fichier source 'main.c')
      C:\Program Files (x86)\Windows Kits\10\Include\10.0.26100.0\ucrt\stdlib.h(1283,17):
      voir la définition précédente de « min »
  
C:\Users\Adrie\Desktop\source\Csource\NeuralNetwork\VonKoch\main.c(25,48): warning C4244: 'initialisation' : conversion de 'int' en 'float', perte possible de données
C:\Users\Adrie\Desktop\source\Csource\NeuralNetwork\VonKoch\main.c(19,25): warning C4244: 'initialisation' : conversion de 'int' en 'float', perte possible de données
C:\Users\Adrie\Desktop\source\Csource\NeuralNetwork\VonKoch\main.c(20,25): warning C4244: 'initialisation' : conversion de 'int' en 'float', perte possible de données
C:\Users\Adrie\Desktop\source\Csource\NeuralNetwork\VonKoch\main.c(40,15): warning C4244: 'initialisation' : conversion de 'float' en 'Uint8', perte possible de données
C:\Users\Adrie\Desktop\source\Csource\NeuralNetwork\VonKoch\main.c(77,24): warning C4244: '=' : conversion de 'double' en 'int', perte possible de données
C:\Users\Adrie\Desktop\source\Csource\NeuralNetwork\VonKoch\main.c(79,25): warning C4244: '=' : conversion de 'double' en 'int', perte possible de données
C:\Users\Adrie\Desktop\source\Csource\NeuralNetwork\VonKoch\main.c(80,87): warning C4244: 'fonction' : conversion de 'int' en 'float', perte possible de données
C:\Users\Adrie\Desktop\source\Csource\NeuralNetwork\VonKoch\main.c(80,97): warning C4244: 'fonction' : conversion de 'int' en 'float', perte possible de données
C:\Users\Adrie\Desktop\source\Csource\NeuralNetwork\VonKoch\main.c(80,107): warning C4244: 'fonction' : conversion de 'int' en 'float', perte possible de données
C:\Users\Adrie\Desktop\source\Csource\NeuralNetwork\VonKoch\main.c(80,113): warning C4244: 'fonction' : conversion de 'int' en 'float', perte possible de données
C:\Users\Adrie\Desktop\source\Csource\NeuralNetwork\VonKoch\main.c(64,16): warning C4244: 'initialisation' : conversion de 'int' en 'float', perte possible de données
C:\Users\Adrie\Desktop\source\Csource\NeuralNetwork\VonKoch\main.c(107,17): warning C4244: 'fonction' : conversion de 'float' en 'int', perte possible de données
C:\Users\Adrie\Desktop\source\Csource\NeuralNetwork\VonKoch\main.c(155,7): warning C4101: 'dump' : variable locale non référencée
C:\Users\Adrie\Desktop\source\Csource\NeuralNetwork\VonKoch\main.c(193,8): warning C4244: 'fonction' : conversion de 'time_t' en 'unsigned int', perte possible de données
C:\Users\Adrie\Desktop\source\Csource\NeuralNetwork\VonKoch\main.c(290,10): warning C4133: '=' : types incompatibles - de 'SDL_Window *' à 'SDL_Surface *'
C:\Users\Adrie\Desktop\source\Csource\NeuralNetwork\VonKoch\main.c(296,33): warning C4133: 'fonction' : types incompatibles - de 'SDL_Surface *' à 'SDL_Window *'
C:\Users\Adrie\Desktop\source\Csource\NeuralNetwork\VonKoch\main.c(304,11): warning C4133: '=' : types incompatibles - de 'SDL_Window *' à 'SDL_Surface *'
C:\Users\Adrie\Desktop\source\Csource\NeuralNetwork\VonKoch\main.c(306,36): warning C4133: 'fonction' : types incompatibles - de 'SDL_Surface *' à 'SDL_Window *'
C:\Users\Adrie\Desktop\source\Csource\NeuralNetwork\VonKoch\main.c(314,11): warning C4133: '=' : types incompatibles - de 'SDL_Window *' à 'SDL_Surface *'
C:\Users\Adrie\Desktop\source\Csource\NeuralNetwork\VonKoch\main.c(316,37): warning C4133: 'fonction' : types incompatibles - de 'SDL_Surface *' à 'SDL_Window *'
C:\Users\Adrie\Desktop\source\Csource\NeuralNetwork\VonKoch\main.c(426,21): warning C4133: 'fonction' : types incompatibles - de 'SDL_Surface *' à 'SDL_Window *'
C:\Users\Adrie\Desktop\source\Csource\NeuralNetwork\VonKoch\main.c(430,21): warning C4133: 'fonction' : types incompatibles - de 'SDL_Surface *' à 'SDL_Window *'
C:\Users\Adrie\Desktop\source\Csource\NeuralNetwork\VonKoch\main.c(434,21): warning C4133: 'fonction' : types incompatibles - de 'SDL_Surface *' à 'SDL_Window *'
C:\Users\Adrie\Desktop\source\Csource\NeuralNetwork\VonKoch\main.c(187,15): warning C4101: 'texture' : variable locale non référencée
C:\Users\Adrie\Desktop\source\Csource\NeuralNetwork\VonKoch\neuralNet.c(7,37): warning C4013: 'calloc' non défini(e) ; extern retournant int pris par défaut
C:\Users\Adrie\Desktop\source\Csource\NeuralNetwork\VonKoch\neuralNet.c(38,57): warning C4244: 'initialisation' : conversion de 'int' en 'float', perte possible de données
C:\Users\Adrie\Desktop\source\Csource\NeuralNetwork\VonKoch\neuralNet.c(67,2): warning C4013: 'free' non défini(e) ; extern retournant int pris par défaut
C:\Users\Adrie\Desktop\source\Csource\NeuralNetwork\VonKoch\neuralNet.c(89,2): warning C4013: 'srand' non défini(e) ; extern retournant int pris par défaut
C:\Users\Adrie\Desktop\source\Csource\NeuralNetwork\VonKoch\neuralNet.c(94,26): warning C4244: 'fonction' : conversion de 'int' en 'float', perte possible de données
C:\Users\Adrie\Desktop\source\Csource\NeuralNetwork\VonKoch\neuralNet.c(98,37): warning C4013: 'rand' non défini(e) ; extern retournant int pris par défaut
C:\Users\Adrie\Desktop\source\Csource\NeuralNetwork\VonKoch\neuralNet.c(142,14): warning C4305: 'initialisation' : troncation de 'double' à 'float'
C:\Users\Adrie\Desktop\source\Csource\NeuralNetwork\VonKoch\neuralNet.c(178,25): warning C4305: 'fonction' : troncation de 'double' à 'float'
C:\Users\Adrie\Desktop\source\Csource\NeuralNetwork\VonKoch\neuralNet.c(181,14): warning C4305: 'fonction' : troncation de 'double' à 'float'
C:\Users\Adrie\Desktop\source\Csource\NeuralNetwork\VonKoch\neuralNet.c(181,37): warning C4305: 'fonction' : troncation de 'double' à 'float'
  Génération de code en cours...
C:\Users\Adrie\Desktop\source\Csource\NeuralNetwork\VonKoch\convolNet.c(34,1): warning C4715: 'applyFilter' : les chemins de contrôle ne retournent pas tous une valeur
C:\Users\Adrie\Desktop\source\Csource\NeuralNetwork\VonKoch\convolNet.c(453,1): warning C4716: 'createInitCNN' : doit retourner une valeur
  VonKoch.vcxproj -> C:\Users\Adrie\Desktop\source\Csource\NeuralNetwork\bin\VonKoch_d.exe
          1 fichier(s) copié(s).
