  graph.c
C:\Users\Adrie\Desktop\source\Csource\Planetaire\VonKoch\graph.c(71,38): warning C4244: 'fonction' : conversion de 'double' en 'float', perte possible de données
C:\Users\Adrie\Desktop\source\Csource\Planetaire\VonKoch\graph.c(72,33): warning C4244: 'fonction' : conversion de 'double' en 'float', perte possible de données
C:\Users\Adrie\Desktop\source\Csource\Planetaire\VonKoch\graph.c(86,36): warning C4244: 'fonction' : conversion de 'double' en 'float', perte possible de données
C:\Users\Adrie\Desktop\source\Csource\Planetaire\VonKoch\graph.c(87,33): warning C4244: 'fonction' : conversion de 'double' en 'float', perte possible de données
C:\Users\Adrie\Desktop\source\Csource\Planetaire\VonKoch\graph.c(82,44): warning C4244: 'initialisation' : conversion de 'double' en 'float', perte possible de données
C:\Users\Adrie\Desktop\source\Csource\Planetaire\VonKoch\graph.c(83,43): warning C4244: 'initialisation' : conversion de 'double' en 'float', perte possible de données
C:\Users\Adrie\Desktop\source\Csource\Planetaire\VonKoch\graph.c(106,27): warning C4305: '-=' : troncation de 'double' à 'float'
C:\Users\Adrie\Desktop\source\Csource\Planetaire\VonKoch\graph.c(107,33): warning C4305: '-=' : troncation de 'double' à 'float'
C:\Users\Adrie\Desktop\source\Csource\Planetaire\VonKoch\graph.c(98,27): warning C4244: 'initialisation' : conversion de 'double' en 'float', perte possible de données
C:\Users\Adrie\Desktop\source\Csource\Planetaire\VonKoch\graph.c(126,50): warning C4244: 'initialisation' : conversion de 'double' en 'float', perte possible de données
C:\Users\Adrie\Desktop\source\Csource\Planetaire\VonKoch\graph.c(179,29): warning C4244: '+=' : conversion de 'double' en 'float', perte possible de données
C:\Users\Adrie\Desktop\source\Csource\Planetaire\VonKoch\graph.c(261,65): warning C4244: '=' : conversion de 'double' en 'float', perte possible de données
C:\Users\Adrie\Desktop\source\Csource\Planetaire\VonKoch\graph.c(263,26): warning C4244: '=' : conversion de 'double' en 'int', perte possible de données
C:\Users\Adrie\Desktop\source\Csource\Planetaire\VonKoch\graph.c(264,37): warning C4244: '=' : conversion de 'double' en 'int', perte possible de données
C:\Users\Adrie\Desktop\source\Csource\Planetaire\VonKoch\graph.c(279,39): warning C4244: 'fonction' : conversion de 'double' en 'float', perte possible de données
C:\Users\Adrie\Desktop\source\Csource\Planetaire\VonKoch\graph.c(208,27): warning C4244: 'initialisation' : conversion de 'double' en 'float', perte possible de données
C:\Users\Adrie\Desktop\source\Csource\Planetaire\VonKoch\graph.c(236,20): warning C4244: 'initialisation' : conversion de 'float' en 'int', perte possible de données
C:\Users\Adrie\Desktop\source\Csource\Planetaire\VonKoch\graph.c(236,49): warning C4244: 'initialisation' : conversion de 'float' en 'int', perte possible de données
C:\Users\Adrie\Desktop\source\Csource\Planetaire\VonKoch\graph.c(237,20): warning C4244: 'initialisation' : conversion de 'float' en 'int', perte possible de données
C:\Users\Adrie\Desktop\source\Csource\Planetaire\VonKoch\graph.c(237,49): warning C4244: 'initialisation' : conversion de 'float' en 'int', perte possible de données
C:\Users\Adrie\Desktop\source\Csource\Planetaire\VonKoch\graph.c(240,17): warning C4244: 'initialisation' : conversion de 'int' en 'float', perte possible de données
C:\Users\Adrie\Desktop\source\Csource\Planetaire\VonKoch\graph.c(246,18): warning C4244: 'initialisation' : conversion de 'int' en 'float', perte possible de données
C:\Users\Adrie\Desktop\source\Csource\Planetaire\VonKoch\graph.c(231,51): warning C4101: 'pxl_col' : variable locale non référencée
C:\Users\Adrie\Desktop\source\Csource\Planetaire\VonKoch\graph.c(304,9): warning C4101: 't' : variable locale non référencée
C:\Users\Adrie\Desktop\source\Csource\Planetaire\VonKoch\graph.c(361,30): warning C4305: '-=' : troncation de 'double' à 'float'
C:\Users\Adrie\Desktop\source\Csource\Planetaire\VonKoch\graph.c(487,35): warning C4244: '=' : conversion de 'double' en 'float', perte possible de données
C:\Users\Adrie\Desktop\source\Csource\Planetaire\VonKoch\graph.c(489,26): warning C4244: '=' : conversion de 'double' en 'int', perte possible de données
C:\Users\Adrie\Desktop\source\Csource\Planetaire\VonKoch\graph.c(490,37): warning C4244: '=' : conversion de 'double' en 'int', perte possible de données
C:\Users\Adrie\Desktop\source\Csource\Planetaire\VonKoch\graph.c(351,27): warning C4244: 'initialisation' : conversion de 'double' en 'float', perte possible de données
C:\Users\Adrie\Desktop\source\Csource\Planetaire\VonKoch\graph.c(353,41): warning C4244: 'initialisation' : conversion de 'float' en 'int', perte possible de données
C:\Users\Adrie\Desktop\source\Csource\Planetaire\VonKoch\graph.c(397,20): warning C4244: 'initialisation' : conversion de 'float' en 'int', perte possible de données
C:\Users\Adrie\Desktop\source\Csource\Planetaire\VonKoch\graph.c(397,49): warning C4244: 'initialisation' : conversion de 'float' en 'int', perte possible de données
C:\Users\Adrie\Desktop\source\Csource\Planetaire\VonKoch\graph.c(398,20): warning C4244: 'initialisation' : conversion de 'float' en 'int', perte possible de données
C:\Users\Adrie\Desktop\source\Csource\Planetaire\VonKoch\graph.c(398,49): warning C4244: 'initialisation' : conversion de 'float' en 'int', perte possible de données
C:\Users\Adrie\Desktop\source\Csource\Planetaire\VonKoch\graph.c(399,17): warning C4244: 'initialisation' : conversion de 'int' en 'float', perte possible de données
C:\Users\Adrie\Desktop\source\Csource\Planetaire\VonKoch\graph.c(405,18): warning C4244: 'initialisation' : conversion de 'int' en 'float', perte possible de données
C:\Users\Adrie\Desktop\source\Csource\Planetaire\VonKoch\graph.c(360,13): warning C4101: 'lon1' : variable locale non référencée
C:\Users\Adrie\Desktop\source\Csource\Planetaire\VonKoch\graph.c(359,13): warning C4101: 'lat1' : variable locale non référencée
C:\Users\Adrie\Desktop\source\Csource\Planetaire\VonKoch\graph.c(512,11): warning C4101: 'pxl_col' : variable locale non référencée
C:\Users\Adrie\Desktop\source\Csource\Planetaire\VonKoch\graph.c(552,38): warning C4244: '=' : conversion de 'double' en 'float', perte possible de données
C:\Users\Adrie\Desktop\source\Csource\Planetaire\VonKoch\graph.c(595,17): warning C4244: '=' : conversion de 'double' en 'float', perte possible de données
C:\Users\Adrie\Desktop\source\Csource\Planetaire\VonKoch\graph.c(604,56): warning C4305: '+=' : troncation de 'double' à 'float'
C:\Users\Adrie\Desktop\source\Csource\Planetaire\VonKoch\graph.c(608,26): warning C4244: '=' : conversion de 'double' en 'int', perte possible de données
C:\Users\Adrie\Desktop\source\Csource\Planetaire\VonKoch\graph.c(609,33): warning C4244: '=' : conversion de 'double' en 'int', perte possible de données
C:\Users\Adrie\Desktop\source\Csource\Planetaire\VonKoch\graph.c(539,27): warning C4244: 'initialisation' : conversion de 'double' en 'float', perte possible de données
C:\Users\Adrie\Desktop\source\Csource\Planetaire\VonKoch\graph.c(541,41): warning C4244: 'initialisation' : conversion de 'float' en 'int', perte possible de données
C:\Users\Adrie\Desktop\source\Csource\Planetaire\VonKoch\graph.c(578,20): warning C4244: 'initialisation' : conversion de 'float' en 'int', perte possible de données
C:\Users\Adrie\Desktop\source\Csource\Planetaire\VonKoch\graph.c(578,49): warning C4244: 'initialisation' : conversion de 'float' en 'int', perte possible de données
C:\Users\Adrie\Desktop\source\Csource\Planetaire\VonKoch\graph.c(579,20): warning C4244: 'initialisation' : conversion de 'float' en 'int', perte possible de données
C:\Users\Adrie\Desktop\source\Csource\Planetaire\VonKoch\graph.c(579,49): warning C4244: 'initialisation' : conversion de 'float' en 'int', perte possible de données
C:\Users\Adrie\Desktop\source\Csource\Planetaire\VonKoch\graph.c(580,17): warning C4244: 'initialisation' : conversion de 'int' en 'float', perte possible de données
C:\Users\Adrie\Desktop\source\Csource\Planetaire\VonKoch\graph.c(586,18): warning C4244: 'initialisation' : conversion de 'int' en 'float', perte possible de données
C:\Users\Adrie\Desktop\source\Csource\Planetaire\VonKoch\graph.c(682,17): warning C4244: '=' : conversion de 'float' en 'int', perte possible de données
C:\Users\Adrie\Desktop\source\Csource\Planetaire\VonKoch\graph.c(683,15): warning C4244: '=' : conversion de 'float' en 'int', perte possible de données
C:\Users\Adrie\Desktop\source\Csource\Planetaire\VonKoch\graph.c(695,23): warning C4244: '=' : conversion de 'double' en 'float', perte possible de données
C:\Users\Adrie\Desktop\source\Csource\Planetaire\VonKoch\graph.c(644,20): warning C4244: 'initialisation' : conversion de 'float' en 'int', perte possible de données
C:\Users\Adrie\Desktop\source\Csource\Planetaire\VonKoch\graph.c(645,20): warning C4244: 'initialisation' : conversion de 'float' en 'int', perte possible de données
C:\Users\Adrie\Desktop\source\Csource\Planetaire\VonKoch\graph.c(649,27): warning C4244: 'initialisation' : conversion de 'double' en 'float', perte possible de données
C:\Users\Adrie\Desktop\source\Csource\Planetaire\VonKoch\graph.c(651,41): warning C4244: 'initialisation' : conversion de 'float' en 'int', perte possible de données
C:\Users\Adrie\Desktop\source\Csource\Planetaire\VonKoch\graph.c(748,15): warning C4244: '+=' : conversion de 'double' en 'float', perte possible de données
C:\Users\Adrie\Desktop\source\Csource\Planetaire\VonKoch\graph.c(749,35): warning C4244: '=' : conversion de 'double' en 'float', perte possible de données
C:\Users\Adrie\Desktop\source\Csource\Planetaire\VonKoch\graph.c(757,28): warning C4305: '-=' : troncation de 'double' à 'float'
C:\Users\Adrie\Desktop\source\Csource\Planetaire\VonKoch\graph.c(758,29): warning C4305: '+=' : troncation de 'double' à 'float'
C:\Users\Adrie\Desktop\source\Csource\Planetaire\VonKoch\graph.c(761,45): warning C4244: '=' : conversion de 'double' en 'int', perte possible de données
C:\Users\Adrie\Desktop\source\Csource\Planetaire\VonKoch\graph.c(729,28): warning C4244: 'initialisation' : conversion de 'double' en 'float', perte possible de données
C:\Users\Adrie\Desktop\source\Csource\Planetaire\VonKoch\graph.c(729,60): warning C4244: 'initialisation' : conversion de 'double' en 'float', perte possible de données
C:\Users\Adrie\Desktop\source\Csource\Planetaire\VonKoch\graph.c(836,28): warning C4305: '-=' : troncation de 'double' à 'float'
C:\Users\Adrie\Desktop\source\Csource\Planetaire\VonKoch\graph.c(837,29): warning C4305: '+=' : troncation de 'double' à 'float'
C:\Users\Adrie\Desktop\source\Csource\Planetaire\VonKoch\graph.c(846,18): warning C4244: '=' : conversion de 'double' en 'int', perte possible de données
C:\Users\Adrie\Desktop\source\Csource\Planetaire\VonKoch\graph.c(847,60): warning C4244: '=' : conversion de 'float' en 'int', perte possible de données
C:\Users\Adrie\Desktop\source\Csource\Planetaire\VonKoch\graph.c(794,28): warning C4244: 'initialisation' : conversion de 'double' en 'float', perte possible de données
C:\Users\Adrie\Desktop\source\Csource\Planetaire\VonKoch\graph.c(794,60): warning C4244: 'initialisation' : conversion de 'double' en 'float', perte possible de données
C:\Users\Adrie\Desktop\source\Csource\Planetaire\VonKoch\graph.c(839,24): warning C4244: 'initialisation' : conversion de 'int' en 'float', perte possible de données
C:\Users\Adrie\Desktop\source\Csource\Planetaire\VonKoch\graph.c(844,25): warning C4244: 'initialisation' : conversion de 'double' en 'float', perte possible de données
C:\Users\Adrie\Desktop\source\Csource\Planetaire\VonKoch\graph.c(897,12): warning C4244: 'fonction' : conversion de 'int' en 'float', perte possible de données
C:\Users\Adrie\Desktop\source\Csource\Planetaire\VonKoch\graph.c(904,12): warning C4244: '=' : conversion de 'float' en 'int', perte possible de données
C:\Users\Adrie\Desktop\source\Csource\Planetaire\VonKoch\graph.c(906,12): warning C4244: '=' : conversion de 'float' en 'int', perte possible de données
C:\Users\Adrie\Desktop\source\Csource\Planetaire\VonKoch\graph.c(970,101): warning C4244: 'fonction' : conversion de 'double' en 'float', perte possible de données
C:\Users\Adrie\Desktop\source\Csource\Planetaire\VonKoch\graph.c(971,101): warning C4244: 'fonction' : conversion de 'double' en 'float', perte possible de données
C:\Users\Adrie\Desktop\source\Csource\Planetaire\VonKoch\graph.c(990,10): warning C4033: 'removeTraceTail' doit retourner une valeur
C:\Users\Adrie\Desktop\source\Csource\Planetaire\VonKoch\graph.c(1062,24): warning C4244: 'initialisation' : conversion de 'float' en 'int', perte possible de données
C:\Users\Adrie\Desktop\source\Csource\Planetaire\VonKoch\graph.c(1063,24): warning C4244: 'initialisation' : conversion de 'float' en 'int', perte possible de données
C:\Users\Adrie\Desktop\source\Csource\Planetaire\VonKoch\graph.c(1064,24): warning C4244: 'initialisation' : conversion de 'float' en 'int', perte possible de données
C:\Users\Adrie\Desktop\source\Csource\Planetaire\VonKoch\graph.c(1069,27): warning C4305: 'fonction' : troncation de 'double' à 'float'
C:\Users\Adrie\Desktop\source\Csource\Planetaire\VonKoch\graph.c(1072,11): warning C4244: 'return' : conversion de 'double' en 'float', perte possible de données
C:\Users\Adrie\Desktop\source\Csource\Planetaire\VonKoch\graph.c(1080,36): warning C4244: 'fonction' : conversion de 'double' en 'float', perte possible de données
C:\Users\Adrie\Desktop\source\Csource\Planetaire\VonKoch\graph.c(1085,20): warning C4244: 'fonction' : conversion de 'double' en 'float', perte possible de données
C:\Users\Adrie\Desktop\source\Csource\Planetaire\VonKoch\graph.c(1092,14): warning C4244: 'return' : conversion de 'double' en 'float', perte possible de données
C:\Users\Adrie\Desktop\source\Csource\Planetaire\VonKoch\graph.c(1102,76): warning C4244: 'return' : conversion de 'double' en 'float', perte possible de données
C:\Users\Adrie\Desktop\source\Csource\Planetaire\VonKoch\graph.c(1114,12): warning C4133: 'fonction' : types incompatibles - de 'astre *' à 'trace *'
C:\Users\Adrie\Desktop\source\Csource\Planetaire\VonKoch\graph.c(997,1): warning C4715: 'removeTraceTail' : les chemins de contrôle ne retournent pas tous une valeur
  VonKoch.vcxproj -> C:\Users\Adrie\Desktop\source\Csource\Planetaire\bin\VonKoch_d.exe
          1 fichier(s) copié(s).
          1 fichier(s) copié(s).
