  main.c
  mot.c
C:\Users\Adrie\Desktop\source\Csource\MotGraph3D\VonKoch\main.c(99,60): warning C4305: 'fonction' : troncation de 'double' à 'float'
C:\Users\Adrie\Desktop\source\Csource\MotGraph3D\VonKoch\main.c(121,20): warning C4244: 'fonction' : conversion de 'double' en 'float', perte possible de données
C:\Users\Adrie\Desktop\source\Csource\MotGraph3D\VonKoch\main.c(121,39): warning C4244: 'fonction' : conversion de 'double' en 'float', perte possible de données
C:\Users\Adrie\Desktop\source\Csource\MotGraph3D\VonKoch\main.c(125,20): warning C4244: 'fonction' : conversion de 'double' en 'float', perte possible de données
C:\Users\Adrie\Desktop\source\Csource\MotGraph3D\VonKoch\main.c(125,39): warning C4244: 'fonction' : conversion de 'double' en 'float', perte possible de données
C:\Users\Adrie\Desktop\source\Csource\MotGraph3D\VonKoch\main.c(136,40): warning C4244: 'fonction' : conversion de 'double' en 'float', perte possible de données
C:\Users\Adrie\Desktop\source\Csource\MotGraph3D\VonKoch\main.c(136,66): warning C4244: 'fonction' : conversion de 'double' en 'float', perte possible de données
C:\Users\Adrie\Desktop\source\Csource\MotGraph3D\VonKoch\main.c(15,8): warning C4101: 'mouseButton' : variable locale non référencée
C:\Users\Adrie\Desktop\source\Csource\MotGraph3D\VonKoch\main.c(16,9): warning C4101: 'mousePos' : variable locale non référencée
C:\Users\Adrie\Desktop\source\Csource\MotGraph3D\VonKoch\main.c(48,9): warning C4101: 's' : variable locale non référencée
C:\Users\Adrie\Desktop\source\Csource\MotGraph3D\VonKoch\mot.c(179,15): warning C4244: 'initialisation' : conversion de 'double' en 'float', perte possible de données
C:\Users\Adrie\Desktop\source\Csource\MotGraph3D\VonKoch\mot.c(180,15): warning C4244: 'initialisation' : conversion de 'double' en 'float', perte possible de données
C:\Users\Adrie\Desktop\source\Csource\MotGraph3D\VonKoch\mot.c(181,15): warning C4244: 'initialisation' : conversion de 'double' en 'float', perte possible de données
C:\Users\Adrie\Desktop\source\Csource\MotGraph3D\VonKoch\mot.c(182,15): warning C4244: 'initialisation' : conversion de 'double' en 'float', perte possible de données
C:\Users\Adrie\Desktop\source\Csource\MotGraph3D\VonKoch\mot.c(227,43): warning C4244: '=' : conversion de 'float' en 'int', perte possible de données
C:\Users\Adrie\Desktop\source\Csource\MotGraph3D\VonKoch\mot.c(228,43): warning C4244: '=' : conversion de 'float' en 'int', perte possible de données
C:\Users\Adrie\Desktop\source\Csource\MotGraph3D\VonKoch\mot.c(235,43): warning C4244: '=' : conversion de 'float' en 'int', perte possible de données
C:\Users\Adrie\Desktop\source\Csource\MotGraph3D\VonKoch\mot.c(236,43): warning C4244: '=' : conversion de 'float' en 'int', perte possible de données
C:\Users\Adrie\Desktop\source\Csource\MotGraph3D\VonKoch\mot.c(243,43): warning C4244: '=' : conversion de 'float' en 'int', perte possible de données
C:\Users\Adrie\Desktop\source\Csource\MotGraph3D\VonKoch\mot.c(244,43): warning C4244: '=' : conversion de 'float' en 'int', perte possible de données
C:\Users\Adrie\Desktop\source\Csource\MotGraph3D\VonKoch\mot.c(256,12): warning C4244: '*=' : conversion de 'float' en 'int', perte possible de données
C:\Users\Adrie\Desktop\source\Csource\MotGraph3D\VonKoch\mot.c(257,12): warning C4244: '*=' : conversion de 'float' en 'int', perte possible de données
C:\Users\Adrie\Desktop\source\Csource\MotGraph3D\VonKoch\mot.c(258,14): warning C4244: '+=' : conversion de 'double' en 'int', perte possible de données
C:\Users\Adrie\Desktop\source\Csource\MotGraph3D\VonKoch\mot.c(259,14): warning C4244: '+=' : conversion de 'double' en 'int', perte possible de données
  utils_SDL.c
  Génération de code en cours...
MSVCRTD.lib(initializers.obj) : warning LNK4098: conflit entre la bibliothèque par défaut 'msvcrt.lib' et les autres bibliothèques ; utilisez /NODEFAULTLIB:library
SDLmain.lib(SDL_win32_main.obj) : warning LNK4099: PDB 'SDLmain.pdb' n'a pu être trouvé avec 'SDLmain.lib(SDL_win32_main.obj)' ou sur 'C:\Users\Adrie\Desktop\source\Csource\MotGraph3D\bin\SDLmain.pdb' ; l'objet sera lié sans informations de débogage
  VonKoch.vcxproj -> C:\Users\Adrie\Desktop\source\Csource\MotGraph3D\bin\VonKoch_d.exe
          1 fichier(s) copié(s).
